(simHuman_chr6:0.144018,mr:0.271974)Anc1;
simHuman_chr6	/n/holylfs05/LABS/informatics/Users/gthomas/cactus-snakemake/tests/evolverMammals/evolverMammals-replace-out/simHuman.chr6
mr	/n/holylfs05/LABS/informatics/Users/gthomas/cactus-snakemake/tests/evolverMammals/evolverMammals-replace-out/mr.fa
Anc1	evolverMammals-replace-out/Anc1.fa
